Analysis & Synthesis report for mouse
Fri Jan 24 13:51:13 2020
Quartus II 64-Bit Version 13.1.0 Build 162 10/23/2013 SJ Web Edition


---------------------
; Table of Contents ;
---------------------
  1. Legal Notice
  2. Analysis & Synthesis Summary
  3. Analysis & Synthesis Settings
  4. Parallel Compilation
  5. Analysis & Synthesis Source Files Read
  6. Analysis & Synthesis Resource Usage Summary
  7. Analysis & Synthesis Resource Utilization by Entity
  8. Registers Removed During Synthesis
  9. General Register Statistics
 10. Inverted Register Statistics
 11. Multiplexer Restructuring Statistics (Restructuring Performed)
 12. Parameter Settings for User Entity Instance: MouseInterface:inst|REGX:inst17
 13. Parameter Settings for User Entity Instance: MouseInterface:inst|CMPX:inst66
 14. Parameter Settings for User Entity Instance: MouseInterface:inst|REGX:packet_byte_reg
 15. Parameter Settings for User Entity Instance: MouseInterface:inst|MouseTransiver:inst77|REGX:inst33
 16. Parameter Settings for User Entity Instance: MouseInterface:inst|MouseTransiver:inst77|REGX:inst8
 17. Parameter Settings for User Entity Instance: MouseInterface:inst|MouseTransiver:inst77|CMPX:inst85
 18. Parameter Settings for User Entity Instance: MouseInterface:inst|MouseTransiver:inst77|REGX:bit_cnt
 19. Parameter Settings for User Entity Instance: MouseInterface:inst|MouseTransiver:inst77|CONSTX:inst87
 20. Parameter Settings for User Entity Instance: MouseInterface:inst|MouseTransiver:inst77|CMPX:inst63
 21. Parameter Settings for User Entity Instance: MouseInterface:inst|MouseTransiver:inst77|REGX:Timer_reg
 22. Parameter Settings for User Entity Instance: MouseInterface:inst|MouseTransiver:inst77|CMPX:inst59
 23. Parameter Settings for User Entity Instance: MouseInterface:inst|MouseTransiver:inst77|CONSTX:inst60
 24. Parameter Settings for User Entity Instance: MouseInterface:inst|MouseTransiver:inst77|CONSTX:inst69
 25. Parameter Settings for User Entity Instance: MouseInterface:inst|MouseTransiver:inst77|REGX:inst34
 26. Parameter Settings for User Entity Instance: MouseInterface:inst|MouseTransiver:inst77|REGX:inst12
 27. Parameter Settings for User Entity Instance: MouseInterface:inst|MouseTransiver:inst77|CMPX:inst81
 28. Parameter Settings for User Entity Instance: MouseInterface:inst|MouseTransiver:inst77|CONSTX:inst82123184
 29. Parameter Settings for User Entity Instance: MouseInterface:inst|MouseTransiver:inst77|REGX:inst31
 30. Parameter Settings for User Entity Instance: MouseInterface:inst|REGX:inst9
 31. Parameter Settings for User Entity Instance: MouseInterface:inst|REGX:inst11
 32. Parameter Settings for User Entity Instance: MouseInterface:inst|CMPX:inst18
 33. Parameter Settings for User Entity Instance: MouseInterface:inst|REGX:mouse_data_reg
 34. Parameter Settings for User Entity Instance: MouseInterface:inst|REGX:mouse_data_int_reg53
 35. Parameter Settings for User Entity Instance: MouseInterface:inst|REGX:mouse_data_int_reg
 36. Parameter Settings for User Entity Instance: MouseInterface:inst|REGX:mouse_data_int_reg52
 37. Parameter Settings for User Entity Instance: CMPX:inst32
 38. Parameter Settings for User Entity Instance: REGX:inst22
 39. Parameter Settings for User Entity Instance: CLK_DIVIDER:inst4
 40. Parameter Settings for User Entity Instance: CONSTX:inst30
 41. Parameter Settings for User Entity Instance: CMPX:inst26
 42. Parameter Settings for User Entity Instance: CONSTX:inst27
 43. Elapsed Time Per Partition
 44. Analysis & Synthesis Messages



----------------
; Legal Notice ;
----------------
Copyright (C) 1991-2013 Altera Corporation
Your use of Altera Corporation's design tools, logic functions 
and other software and tools, and its AMPP partner logic 
functions, and any output files from any of the foregoing 
(including device programming or simulation files), and any 
associated documentation or information are expressly subject 
to the terms and conditions of the Altera Program License 
Subscription Agreement, Altera MegaCore Function License 
Agreement, or other applicable license agreement, including, 
without limitation, that your use is for the sole purpose of 
programming logic devices manufactured by Altera and sold by 
Altera or its authorized distributors.  Please refer to the 
applicable agreement for further details.



+---------------------------------------------------------------------------------+
; Analysis & Synthesis Summary                                                    ;
+------------------------------------+--------------------------------------------+
; Analysis & Synthesis Status        ; Successful - Fri Jan 24 13:51:13 2020      ;
; Quartus II 64-Bit Version          ; 13.1.0 Build 162 10/23/2013 SJ Web Edition ;
; Revision Name                      ; mouse                                      ;
; Top-level Entity Name              ; mouse                                      ;
; Family                             ; Cyclone III                                ;
; Total logic elements               ; 175                                        ;
;     Total combinational functions  ; 132                                        ;
;     Dedicated logic registers      ; 117                                        ;
; Total registers                    ; 117                                        ;
; Total pins                         ; 13                                         ;
; Total virtual pins                 ; 0                                          ;
; Total memory bits                  ; 0                                          ;
; Embedded Multiplier 9-bit elements ; 0                                          ;
; Total PLLs                         ; 0                                          ;
+------------------------------------+--------------------------------------------+


+----------------------------------------------------------------------------------------------------------------------+
; Analysis & Synthesis Settings                                                                                        ;
+----------------------------------------------------------------------------+--------------------+--------------------+
; Option                                                                     ; Setting            ; Default Value      ;
+----------------------------------------------------------------------------+--------------------+--------------------+
; Device                                                                     ; EP3C16F484C6       ;                    ;
; Top-level entity name                                                      ; mouse              ; mouse              ;
; Family name                                                                ; Cyclone III        ; Cyclone IV GX      ;
; Use smart compilation                                                      ; Off                ; Off                ;
; Enable parallel Assembler and TimeQuest Timing Analyzer during compilation ; On                 ; On                 ;
; Enable compact report table                                                ; Off                ; Off                ;
; Restructure Multiplexers                                                   ; Auto               ; Auto               ;
; Create Debugging Nodes for IP Cores                                        ; Off                ; Off                ;
; Preserve fewer node names                                                  ; On                 ; On                 ;
; Disable OpenCore Plus hardware evaluation                                  ; Off                ; Off                ;
; Verilog Version                                                            ; Verilog_2001       ; Verilog_2001       ;
; VHDL Version                                                               ; VHDL_1993          ; VHDL_1993          ;
; State Machine Processing                                                   ; Auto               ; Auto               ;
; Safe State Machine                                                         ; Off                ; Off                ;
; Extract Verilog State Machines                                             ; On                 ; On                 ;
; Extract VHDL State Machines                                                ; On                 ; On                 ;
; Ignore Verilog initial constructs                                          ; Off                ; Off                ;
; Iteration limit for constant Verilog loops                                 ; 5000               ; 5000               ;
; Iteration limit for non-constant Verilog loops                             ; 250                ; 250                ;
; Add Pass-Through Logic to Inferred RAMs                                    ; On                 ; On                 ;
; Infer RAMs from Raw Logic                                                  ; On                 ; On                 ;
; Parallel Synthesis                                                         ; On                 ; On                 ;
; DSP Block Balancing                                                        ; Auto               ; Auto               ;
; NOT Gate Push-Back                                                         ; On                 ; On                 ;
; Power-Up Don't Care                                                        ; On                 ; On                 ;
; Remove Redundant Logic Cells                                               ; Off                ; Off                ;
; Remove Duplicate Registers                                                 ; On                 ; On                 ;
; Ignore CARRY Buffers                                                       ; Off                ; Off                ;
; Ignore CASCADE Buffers                                                     ; Off                ; Off                ;
; Ignore GLOBAL Buffers                                                      ; Off                ; Off                ;
; Ignore ROW GLOBAL Buffers                                                  ; Off                ; Off                ;
; Ignore LCELL Buffers                                                       ; Off                ; Off                ;
; Ignore SOFT Buffers                                                        ; On                 ; On                 ;
; Limit AHDL Integers to 32 Bits                                             ; Off                ; Off                ;
; Optimization Technique                                                     ; Balanced           ; Balanced           ;
; Carry Chain Length                                                         ; 70                 ; 70                 ;
; Auto Carry Chains                                                          ; On                 ; On                 ;
; Auto Open-Drain Pins                                                       ; On                 ; On                 ;
; Perform WYSIWYG Primitive Resynthesis                                      ; Off                ; Off                ;
; Auto ROM Replacement                                                       ; On                 ; On                 ;
; Auto RAM Replacement                                                       ; On                 ; On                 ;
; Auto DSP Block Replacement                                                 ; On                 ; On                 ;
; Auto Shift Register Replacement                                            ; Auto               ; Auto               ;
; Allow Shift Register Merging across Hierarchies                            ; Auto               ; Auto               ;
; Auto Clock Enable Replacement                                              ; On                 ; On                 ;
; Strict RAM Replacement                                                     ; Off                ; Off                ;
; Allow Synchronous Control Signals                                          ; On                 ; On                 ;
; Force Use of Synchronous Clear Signals                                     ; Off                ; Off                ;
; Auto RAM Block Balancing                                                   ; On                 ; On                 ;
; Auto RAM to Logic Cell Conversion                                          ; Off                ; Off                ;
; Auto Resource Sharing                                                      ; Off                ; Off                ;
; Allow Any RAM Size For Recognition                                         ; Off                ; Off                ;
; Allow Any ROM Size For Recognition                                         ; Off                ; Off                ;
; Allow Any Shift Register Size For Recognition                              ; Off                ; Off                ;
; Use LogicLock Constraints during Resource Balancing                        ; On                 ; On                 ;
; Ignore translate_off and synthesis_off directives                          ; Off                ; Off                ;
; Timing-Driven Synthesis                                                    ; On                 ; On                 ;
; Report Parameter Settings                                                  ; On                 ; On                 ;
; Report Source Assignments                                                  ; On                 ; On                 ;
; Report Connectivity Checks                                                 ; On                 ; On                 ;
; Ignore Maximum Fan-Out Assignments                                         ; Off                ; Off                ;
; Synchronization Register Chain Length                                      ; 2                  ; 2                  ;
; PowerPlay Power Optimization                                               ; Normal compilation ; Normal compilation ;
; HDL message level                                                          ; Level2             ; Level2             ;
; Suppress Register Optimization Related Messages                            ; Off                ; Off                ;
; Number of Removed Registers Reported in Synthesis Report                   ; 5000               ; 5000               ;
; Number of Swept Nodes Reported in Synthesis Report                         ; 5000               ; 5000               ;
; Number of Inverted Registers Reported in Synthesis Report                  ; 100                ; 100                ;
; Clock MUX Protection                                                       ; On                 ; On                 ;
; Auto Gated Clock Conversion                                                ; Off                ; Off                ;
; Block Design Naming                                                        ; Auto               ; Auto               ;
; SDC constraint protection                                                  ; Off                ; Off                ;
; Synthesis Effort                                                           ; Auto               ; Auto               ;
; Shift Register Replacement - Allow Asynchronous Clear Signal               ; On                 ; On                 ;
; Pre-Mapping Resynthesis Optimization                                       ; Off                ; Off                ;
; Analysis & Synthesis Message Level                                         ; Medium             ; Medium             ;
; Disable Register Merging Across Hierarchies                                ; Auto               ; Auto               ;
; Resource Aware Inference For Block RAM                                     ; On                 ; On                 ;
; Synthesis Seed                                                             ; 1                  ; 1                  ;
+----------------------------------------------------------------------------+--------------------+--------------------+


Parallel compilation was disabled, but you have multiple processors available. Enable parallel compilation to reduce compilation time.
+-------------------------------------+
; Parallel Compilation                ;
+----------------------------+--------+
; Processors                 ; Number ;
+----------------------------+--------+
; Number detected on machine ; 8      ;
; Maximum allowed            ; 1      ;
+----------------------------+--------+


+------------------------------------------------------------------------------------------------------------------------------------------------------------------------------------------+
; Analysis & Synthesis Source Files Read                                                                                                                                                   ;
+----------------------------------+-----------------+------------------------------------------+--------------------------------------------------------------------------------+---------+
; File Name with User-Entered Path ; Used in Netlist ; File Type                                ; File Name with Absolute Path                                                   ; Library ;
+----------------------------------+-----------------+------------------------------------------+--------------------------------------------------------------------------------+---------+
; MouseTransiver.bdf               ; yes             ; User Block Diagram/Schematic File        ; C:/Users/hp/Documents/GitHub/pong_fpga_ort2/mouse_part_test/MouseTransiver.bdf ;         ;
; RisingEdge.bdf                   ; yes             ; User Block Diagram/Schematic File        ; C:/Users/hp/Documents/GitHub/pong_fpga_ort2/mouse_part_test/RisingEdge.bdf     ;         ;
; REG1_INC_CL.bdf                  ; yes             ; User Block Diagram/Schematic File        ; C:/Users/hp/Documents/GitHub/pong_fpga_ort2/mouse_part_test/REG1_INC_CL.bdf    ;         ;
; Debouncer.bdf                    ; yes             ; User Block Diagram/Schematic File        ; C:/Users/hp/Documents/GitHub/pong_fpga_ort2/mouse_part_test/Debouncer.bdf      ;         ;
; mouse.bdf                        ; yes             ; User Block Diagram/Schematic File        ; C:/Users/hp/Documents/GitHub/pong_fpga_ort2/mouse_part_test/mouse.bdf          ;         ;
; MouseInterface.bdf               ; yes             ; User Block Diagram/Schematic File        ; C:/Users/hp/Documents/GitHub/pong_fpga_ort2/mouse_part_test/MouseInterface.bdf ;         ;
; regx.vhd                         ; yes             ; Auto-Found VHDL File                     ; C:/Users/hp/Documents/GitHub/pong_fpga_ort2/mouse_part_test/regx.vhd           ;         ;
; cmpx.vhd                         ; yes             ; Auto-Found VHDL File                     ; C:/Users/hp/Documents/GitHub/pong_fpga_ort2/mouse_part_test/cmpx.vhd           ;         ;
; dc8.bdf                          ; yes             ; Auto-Found Block Diagram/Schematic File  ; C:/Users/hp/Documents/GitHub/pong_fpga_ort2/mouse_part_test/dc8.bdf            ;         ;
; constx.vhd                       ; yes             ; Auto-Found VHDL File                     ; C:/Users/hp/Documents/GitHub/pong_fpga_ort2/mouse_part_test/constx.vhd         ;         ;
; clk_divider.vhd                  ; yes             ; Auto-Found VHDL File                     ; C:/Users/hp/Documents/GitHub/pong_fpga_ort2/mouse_part_test/clk_divider.vhd    ;         ;
+----------------------------------+-----------------+------------------------------------------+--------------------------------------------------------------------------------+---------+


+----------------------------------------------------------+
; Analysis & Synthesis Resource Usage Summary              ;
+---------------------------------------------+------------+
; Resource                                    ; Usage      ;
+---------------------------------------------+------------+
; Estimated Total logic elements              ; 175        ;
;                                             ;            ;
; Total combinational functions               ; 132        ;
; Logic element usage by number of LUT inputs ;            ;
;     -- 4 input functions                    ; 43         ;
;     -- 3 input functions                    ; 12         ;
;     -- <=2 input functions                  ; 77         ;
;                                             ;            ;
; Logic elements by mode                      ;            ;
;     -- normal mode                          ; 99         ;
;     -- arithmetic mode                      ; 33         ;
;                                             ;            ;
; Total registers                             ; 117        ;
;     -- Dedicated logic registers            ; 117        ;
;     -- I/O registers                        ; 0          ;
;                                             ;            ;
; I/O pins                                    ; 13         ;
; Embedded Multiplier 9-bit elements          ; 0          ;
; Maximum fan-out node                        ; clk_~input ;
; Maximum fan-out                             ; 117        ;
; Total fan-out                               ; 669        ;
; Average fan-out                             ; 2.42       ;
+---------------------------------------------+------------+


+---------------------------------------------------------------------------------------------------------------------------------------------------------------------------------------------------------------------------------------------------+
; Analysis & Synthesis Resource Utilization by Entity                                                                                                                                                                                               ;
+-----------------------------------+-------------------+--------------+-------------+--------------+---------+-----------+------+--------------+------------------------------------------------------------------------------------+--------------+
; Compilation Hierarchy Node        ; LC Combinationals ; LC Registers ; Memory Bits ; DSP Elements ; DSP 9x9 ; DSP 18x18 ; Pins ; Virtual Pins ; Full Hierarchy Name                                                                ; Library Name ;
+-----------------------------------+-------------------+--------------+-------------+--------------+---------+-----------+------+--------------+------------------------------------------------------------------------------------+--------------+
; |mouse                            ; 132 (3)           ; 117 (0)      ; 0           ; 0            ; 0       ; 0         ; 13   ; 0            ; |mouse                                                                             ; work         ;
;    |CLK_DIVIDER:inst4|            ; 42 (42)           ; 23 (23)      ; 0           ; 0            ; 0       ; 0         ; 0    ; 0            ; |mouse|CLK_DIVIDER:inst4                                                           ; work         ;
;    |CMPX:inst32|                  ; 2 (2)             ; 0 (0)        ; 0           ; 0            ; 0       ; 0         ; 0    ; 0            ; |mouse|CMPX:inst32                                                                 ; work         ;
;    |MouseInterface:inst|          ; 75 (3)            ; 81 (0)       ; 0           ; 0            ; 0       ; 0         ; 0    ; 0            ; |mouse|MouseInterface:inst                                                         ; work         ;
;       |CMPX:inst66|               ; 1 (1)             ; 0 (0)        ; 0           ; 0            ; 0       ; 0         ; 0    ; 0            ; |mouse|MouseInterface:inst|CMPX:inst66                                             ; work         ;
;       |MouseTransiver:inst77|     ; 67 (14)           ; 55 (6)       ; 0           ; 0            ; 0       ; 0         ; 0    ; 0            ; |mouse|MouseInterface:inst|MouseTransiver:inst77                                   ; work         ;
;          |CMPX:inst63|            ; 3 (3)             ; 0 (0)        ; 0           ; 0            ; 0       ; 0         ; 0    ; 0            ; |mouse|MouseInterface:inst|MouseTransiver:inst77|CMPX:inst63                       ; work         ;
;          |DC8:inst9|              ; 1 (1)             ; 0 (0)        ; 0           ; 0            ; 0       ; 0         ; 0    ; 0            ; |mouse|MouseInterface:inst|MouseTransiver:inst77|DC8:inst9                         ; work         ;
;          |Debouncer:inst3|        ; 5 (2)             ; 5 (2)        ; 0           ; 0            ; 0       ; 0         ; 0    ; 0            ; |mouse|MouseInterface:inst|MouseTransiver:inst77|Debouncer:inst3                   ; work         ;
;             |REG1_INC_CL:inst2|   ; 1 (1)             ; 1 (1)        ; 0           ; 0            ; 0       ; 0         ; 0    ; 0            ; |mouse|MouseInterface:inst|MouseTransiver:inst77|Debouncer:inst3|REG1_INC_CL:inst2 ; work         ;
;             |REG1_INC_CL:inst3|   ; 1 (1)             ; 1 (1)        ; 0           ; 0            ; 0       ; 0         ; 0    ; 0            ; |mouse|MouseInterface:inst|MouseTransiver:inst77|Debouncer:inst3|REG1_INC_CL:inst3 ; work         ;
;             |REG1_INC_CL:inst4|   ; 1 (1)             ; 1 (1)        ; 0           ; 0            ; 0       ; 0         ; 0    ; 0            ; |mouse|MouseInterface:inst|MouseTransiver:inst77|Debouncer:inst3|REG1_INC_CL:inst4 ; work         ;
;          |Debouncer:inst4|        ; 5 (2)             ; 5 (2)        ; 0           ; 0            ; 0       ; 0         ; 0    ; 0            ; |mouse|MouseInterface:inst|MouseTransiver:inst77|Debouncer:inst4                   ; work         ;
;             |REG1_INC_CL:inst2|   ; 1 (1)             ; 1 (1)        ; 0           ; 0            ; 0       ; 0         ; 0    ; 0            ; |mouse|MouseInterface:inst|MouseTransiver:inst77|Debouncer:inst4|REG1_INC_CL:inst2 ; work         ;
;             |REG1_INC_CL:inst3|   ; 1 (1)             ; 1 (1)        ; 0           ; 0            ; 0       ; 0         ; 0    ; 0            ; |mouse|MouseInterface:inst|MouseTransiver:inst77|Debouncer:inst4|REG1_INC_CL:inst3 ; work         ;
;             |REG1_INC_CL:inst4|   ; 1 (1)             ; 1 (1)        ; 0           ; 0            ; 0       ; 0         ; 0    ; 0            ; |mouse|MouseInterface:inst|MouseTransiver:inst77|Debouncer:inst4|REG1_INC_CL:inst4 ; work         ;
;          |REGX:Timer_reg|         ; 18 (18)           ; 13 (13)      ; 0           ; 0            ; 0       ; 0         ; 0    ; 0            ; |mouse|MouseInterface:inst|MouseTransiver:inst77|REGX:Timer_reg                    ; work         ;
;          |REGX:bit_cnt|           ; 6 (6)             ; 4 (4)        ; 0           ; 0            ; 0       ; 0         ; 0    ; 0            ; |mouse|MouseInterface:inst|MouseTransiver:inst77|REGX:bit_cnt                      ; work         ;
;          |REGX:inst12|            ; 6 (6)             ; 11 (11)      ; 0           ; 0            ; 0       ; 0         ; 0    ; 0            ; |mouse|MouseInterface:inst|MouseTransiver:inst77|REGX:inst12                       ; work         ;
;          |REGX:inst31|            ; 5 (5)             ; 8 (8)        ; 0           ; 0            ; 0       ; 0         ; 0    ; 0            ; |mouse|MouseInterface:inst|MouseTransiver:inst77|REGX:inst31                       ; work         ;
;          |REGX:inst34|            ; 1 (1)             ; 1 (1)        ; 0           ; 0            ; 0       ; 0         ; 0    ; 0            ; |mouse|MouseInterface:inst|MouseTransiver:inst77|REGX:inst34                       ; work         ;
;          |REGX:inst8|             ; 3 (3)             ; 2 (2)        ; 0           ; 0            ; 0       ; 0         ; 0    ; 0            ; |mouse|MouseInterface:inst|MouseTransiver:inst77|REGX:inst8                        ; work         ;
;       |REGX:inst11|               ; 1 (1)             ; 1 (1)        ; 0           ; 0            ; 0       ; 0         ; 0    ; 0            ; |mouse|MouseInterface:inst|REGX:inst11                                             ; work         ;
;       |REGX:inst17|               ; 0 (0)             ; 1 (1)        ; 0           ; 0            ; 0       ; 0         ; 0    ; 0            ; |mouse|MouseInterface:inst|REGX:inst17                                             ; work         ;
;       |REGX:inst9|                ; 0 (0)             ; 1 (1)        ; 0           ; 0            ; 0       ; 0         ; 0    ; 0            ; |mouse|MouseInterface:inst|REGX:inst9                                              ; work         ;
;       |REGX:mouse_data_int_reg52| ; 0 (0)             ; 8 (8)        ; 0           ; 0            ; 0       ; 0         ; 0    ; 0            ; |mouse|MouseInterface:inst|REGX:mouse_data_int_reg52                               ; work         ;
;       |REGX:mouse_data_int_reg53| ; 0 (0)             ; 1 (1)        ; 0           ; 0            ; 0       ; 0         ; 0    ; 0            ; |mouse|MouseInterface:inst|REGX:mouse_data_int_reg53                               ; work         ;
;       |REGX:mouse_data_int_reg|   ; 0 (0)             ; 1 (1)        ; 0           ; 0            ; 0       ; 0         ; 0    ; 0            ; |mouse|MouseInterface:inst|REGX:mouse_data_int_reg                                 ; work         ;
;       |REGX:mouse_data_reg|       ; 0 (0)             ; 9 (9)        ; 0           ; 0            ; 0       ; 0         ; 0    ; 0            ; |mouse|MouseInterface:inst|REGX:mouse_data_reg                                     ; work         ;
;       |REGX:packet_byte_reg|      ; 2 (2)             ; 2 (2)        ; 0           ; 0            ; 0       ; 0         ; 0    ; 0            ; |mouse|MouseInterface:inst|REGX:packet_byte_reg                                    ; work         ;
;       |RisingEdge:inst5|          ; 1 (1)             ; 2 (2)        ; 0           ; 0            ; 0       ; 0         ; 0    ; 0            ; |mouse|MouseInterface:inst|RisingEdge:inst5                                        ; work         ;
;    |REGX:inst22|                  ; 10 (10)           ; 9 (9)        ; 0           ; 0            ; 0       ; 0         ; 0    ; 0            ; |mouse|REGX:inst22                                                                 ; work         ;
;    |RisingEdge:inst13|            ; 0 (0)             ; 2 (2)        ; 0           ; 0            ; 0       ; 0         ; 0    ; 0            ; |mouse|RisingEdge:inst13                                                           ; work         ;
;    |RisingEdge:inst3|             ; 0 (0)             ; 2 (2)        ; 0           ; 0            ; 0       ; 0         ; 0    ; 0            ; |mouse|RisingEdge:inst3                                                            ; work         ;
+-----------------------------------+-------------------+--------------+-------------+--------------+---------+-----------+------+--------------+------------------------------------------------------------------------------------+--------------+
Note: For table entries with two numbers listed, the numbers in parentheses indicate the number of resources of the given type used by the specific entity alone. The numbers listed outside of parentheses indicate the total resources of the given type used by the specific entity and all of its sub-entities in the hierarchy.


+-----------------------------------------------------------------------------------+
; Registers Removed During Synthesis                                                ;
+--------------------------------------------------------------+--------------------+
; Register name                                                ; Reason for Removal ;
+--------------------------------------------------------------+--------------------+
; REGX:inst22|data[8..20,22,23]                                ; Lost fanout        ;
; MouseInterface:inst|REGX:mouse_data_int_reg|data[0..4,6,7]   ; Lost fanout        ;
; MouseInterface:inst|REGX:mouse_data_int_reg53|data[0..4,6,7] ; Lost fanout        ;
; MouseInterface:inst|REGX:mouse_data_reg|data[8..20,22,23]    ; Lost fanout        ;
; Total Number of Removed Registers = 44                       ;                    ;
+--------------------------------------------------------------+--------------------+


+------------------------------------------------------+
; General Register Statistics                          ;
+----------------------------------------------+-------+
; Statistic                                    ; Value ;
+----------------------------------------------+-------+
; Total registers                              ; 117   ;
; Number of registers using Synchronous Clear  ; 13    ;
; Number of registers using Synchronous Load   ; 0     ;
; Number of registers using Asynchronous Clear ; 0     ;
; Number of registers using Asynchronous Load  ; 0     ;
; Number of registers using Clock Enable       ; 66    ;
; Number of registers using Preset             ; 0     ;
+----------------------------------------------+-------+


+--------------------------------------------------------------------------+
; Inverted Register Statistics                                             ;
+----------------------------------------------------------------+---------+
; Inverted Register                                              ; Fan out ;
+----------------------------------------------------------------+---------+
; CLK_DIVIDER:inst4|cnt[21]                                      ; 1       ;
; CLK_DIVIDER:inst4|cnt[18]                                      ; 1       ;
; CLK_DIVIDER:inst4|cnt[17]                                      ; 1       ;
; CLK_DIVIDER:inst4|cnt[13]                                      ; 1       ;
; CLK_DIVIDER:inst4|cnt[10]                                      ; 1       ;
; CLK_DIVIDER:inst4|cnt[8]                                       ; 1       ;
; CLK_DIVIDER:inst4|cnt[7]                                       ; 1       ;
; CLK_DIVIDER:inst4|cnt[4]                                       ; 1       ;
; CLK_DIVIDER:inst4|cnt[3]                                       ; 1       ;
; CLK_DIVIDER:inst4|cnt[2]                                       ; 1       ;
; CLK_DIVIDER:inst4|cnt[1]                                       ; 1       ;
; CLK_DIVIDER:inst4|cnt[0]                                       ; 1       ;
; MouseInterface:inst|REGX:inst9|data[0]                         ; 8       ;
; MouseInterface:inst|MouseTransiver:inst77|REGX:inst12|data[3]  ; 2       ;
; MouseInterface:inst|MouseTransiver:inst77|REGX:inst12|data[5]  ; 2       ;
; MouseInterface:inst|MouseTransiver:inst77|REGX:inst12|data[6]  ; 2       ;
; MouseInterface:inst|MouseTransiver:inst77|REGX:inst12|data[7]  ; 2       ;
; MouseInterface:inst|MouseTransiver:inst77|REGX:inst12|data[8]  ; 2       ;
; MouseInterface:inst|MouseTransiver:inst77|REGX:inst12|data[10] ; 1       ;
; Total number of inverted registers = 19                        ;         ;
+----------------------------------------------------------------+---------+


+---------------------------------------------------------------------------------------------------------------------------------------------------------------------------------------+
; Multiplexer Restructuring Statistics (Restructuring Performed)                                                                                                                        ;
+--------------------+-----------+---------------+----------------------+------------------------+------------+-------------------------------------------------------------------------+
; Multiplexer Inputs ; Bus Width ; Baseline Area ; Area if Restructured ; Saving if Restructured ; Registered ; Example Multiplexer Output                                              ;
+--------------------+-----------+---------------+----------------------+------------------------+------------+-------------------------------------------------------------------------+
; 3:1                ; 2 bits    ; 4 LEs         ; 2 LEs                ; 2 LEs                  ; Yes        ; |mouse|MouseInterface:inst|REGX:packet_byte_reg|data[0]                 ;
; 3:1                ; 2 bits    ; 4 LEs         ; 2 LEs                ; 2 LEs                  ; Yes        ; |mouse|MouseInterface:inst|MouseTransiver:inst77|REGX:inst8|data[1]     ;
; 3:1                ; 4 bits    ; 8 LEs         ; 4 LEs                ; 4 LEs                  ; Yes        ; |mouse|MouseInterface:inst|MouseTransiver:inst77|REGX:bit_cnt|data[1]   ;
; 3:1                ; 13 bits   ; 26 LEs        ; 13 LEs               ; 13 LEs                 ; Yes        ; |mouse|MouseInterface:inst|MouseTransiver:inst77|REGX:Timer_reg|data[6] ;
; 3:1                ; 9 bits    ; 18 LEs        ; 9 LEs                ; 9 LEs                  ; Yes        ; |mouse|REGX:inst22|data[1]                                              ;
+--------------------+-----------+---------------+----------------------+------------------------+------------+-------------------------------------------------------------------------+


+------------------------------------------------------------------------------+
; Parameter Settings for User Entity Instance: MouseInterface:inst|REGX:inst17 ;
+----------------+-------+-----------------------------------------------------+
; Parameter Name ; Value ; Type                                                ;
+----------------+-------+-----------------------------------------------------+
; size           ; 1     ; Signed Integer                                      ;
; default_value  ; 0     ; Signed Integer                                      ;
+----------------+-------+-----------------------------------------------------+
Note: In order to hide this table in the UI and the text report file, please set the "Show Parameter Settings in Synthesis Report" option in "Analysis and Synthesis Settings -> More Settings" to "Off".


+------------------------------------------------------------------------------+
; Parameter Settings for User Entity Instance: MouseInterface:inst|CMPX:inst66 ;
+----------------+-------+-----------------------------------------------------+
; Parameter Name ; Value ; Type                                                ;
+----------------+-------+-----------------------------------------------------+
; size           ; 2     ; Signed Integer                                      ;
+----------------+-------+-----------------------------------------------------+
Note: In order to hide this table in the UI and the text report file, please set the "Show Parameter Settings in Synthesis Report" option in "Analysis and Synthesis Settings -> More Settings" to "Off".


+---------------------------------------------------------------------------------------+
; Parameter Settings for User Entity Instance: MouseInterface:inst|REGX:packet_byte_reg ;
+----------------+-------+--------------------------------------------------------------+
; Parameter Name ; Value ; Type                                                         ;
+----------------+-------+--------------------------------------------------------------+
; size           ; 2     ; Signed Integer                                               ;
; default_value  ; 0     ; Signed Integer                                               ;
+----------------+-------+--------------------------------------------------------------+
Note: In order to hide this table in the UI and the text report file, please set the "Show Parameter Settings in Synthesis Report" option in "Analysis and Synthesis Settings -> More Settings" to "Off".


+----------------------------------------------------------------------------------------------------+
; Parameter Settings for User Entity Instance: MouseInterface:inst|MouseTransiver:inst77|REGX:inst33 ;
+----------------+-------+---------------------------------------------------------------------------+
; Parameter Name ; Value ; Type                                                                      ;
+----------------+-------+---------------------------------------------------------------------------+
; size           ; 1     ; Signed Integer                                                            ;
; default_value  ; 0     ; Signed Integer                                                            ;
+----------------+-------+---------------------------------------------------------------------------+
Note: In order to hide this table in the UI and the text report file, please set the "Show Parameter Settings in Synthesis Report" option in "Analysis and Synthesis Settings -> More Settings" to "Off".


+---------------------------------------------------------------------------------------------------+
; Parameter Settings for User Entity Instance: MouseInterface:inst|MouseTransiver:inst77|REGX:inst8 ;
+----------------+-------+--------------------------------------------------------------------------+
; Parameter Name ; Value ; Type                                                                     ;
+----------------+-------+--------------------------------------------------------------------------+
; size           ; 2     ; Signed Integer                                                           ;
; default_value  ; 0     ; Signed Integer                                                           ;
+----------------+-------+--------------------------------------------------------------------------+
Note: In order to hide this table in the UI and the text report file, please set the "Show Parameter Settings in Synthesis Report" option in "Analysis and Synthesis Settings -> More Settings" to "Off".


+----------------------------------------------------------------------------------------------------+
; Parameter Settings for User Entity Instance: MouseInterface:inst|MouseTransiver:inst77|CMPX:inst85 ;
+----------------+-------+---------------------------------------------------------------------------+
; Parameter Name ; Value ; Type                                                                      ;
+----------------+-------+---------------------------------------------------------------------------+
; size           ; 4     ; Signed Integer                                                            ;
+----------------+-------+---------------------------------------------------------------------------+
Note: In order to hide this table in the UI and the text report file, please set the "Show Parameter Settings in Synthesis Report" option in "Analysis and Synthesis Settings -> More Settings" to "Off".


+-----------------------------------------------------------------------------------------------------+
; Parameter Settings for User Entity Instance: MouseInterface:inst|MouseTransiver:inst77|REGX:bit_cnt ;
+----------------+-------+----------------------------------------------------------------------------+
; Parameter Name ; Value ; Type                                                                       ;
+----------------+-------+----------------------------------------------------------------------------+
; size           ; 4     ; Signed Integer                                                             ;
; default_value  ; 0     ; Signed Integer                                                             ;
+----------------+-------+----------------------------------------------------------------------------+
Note: In order to hide this table in the UI and the text report file, please set the "Show Parameter Settings in Synthesis Report" option in "Analysis and Synthesis Settings -> More Settings" to "Off".


+------------------------------------------------------------------------------------------------------+
; Parameter Settings for User Entity Instance: MouseInterface:inst|MouseTransiver:inst77|CONSTX:inst87 ;
+----------------+-------+-----------------------------------------------------------------------------+
; Parameter Name ; Value ; Type                                                                        ;
+----------------+-------+-----------------------------------------------------------------------------+
; size           ; 4     ; Signed Integer                                                              ;
; const          ; 11    ; Signed Integer                                                              ;
+----------------+-------+-----------------------------------------------------------------------------+
Note: In order to hide this table in the UI and the text report file, please set the "Show Parameter Settings in Synthesis Report" option in "Analysis and Synthesis Settings -> More Settings" to "Off".


+----------------------------------------------------------------------------------------------------+
; Parameter Settings for User Entity Instance: MouseInterface:inst|MouseTransiver:inst77|CMPX:inst63 ;
+----------------+-------+---------------------------------------------------------------------------+
; Parameter Name ; Value ; Type                                                                      ;
+----------------+-------+---------------------------------------------------------------------------+
; size           ; 13    ; Signed Integer                                                            ;
+----------------+-------+---------------------------------------------------------------------------+
Note: In order to hide this table in the UI and the text report file, please set the "Show Parameter Settings in Synthesis Report" option in "Analysis and Synthesis Settings -> More Settings" to "Off".


+-------------------------------------------------------------------------------------------------------+
; Parameter Settings for User Entity Instance: MouseInterface:inst|MouseTransiver:inst77|REGX:Timer_reg ;
+----------------+-------+------------------------------------------------------------------------------+
; Parameter Name ; Value ; Type                                                                         ;
+----------------+-------+------------------------------------------------------------------------------+
; size           ; 13    ; Signed Integer                                                               ;
; default_value  ; 0     ; Signed Integer                                                               ;
+----------------+-------+------------------------------------------------------------------------------+
Note: In order to hide this table in the UI and the text report file, please set the "Show Parameter Settings in Synthesis Report" option in "Analysis and Synthesis Settings -> More Settings" to "Off".


+----------------------------------------------------------------------------------------------------+
; Parameter Settings for User Entity Instance: MouseInterface:inst|MouseTransiver:inst77|CMPX:inst59 ;
+----------------+-------+---------------------------------------------------------------------------+
; Parameter Name ; Value ; Type                                                                      ;
+----------------+-------+---------------------------------------------------------------------------+
; size           ; 13    ; Signed Integer                                                            ;
+----------------+-------+---------------------------------------------------------------------------+
Note: In order to hide this table in the UI and the text report file, please set the "Show Parameter Settings in Synthesis Report" option in "Analysis and Synthesis Settings -> More Settings" to "Off".


+------------------------------------------------------------------------------------------------------+
; Parameter Settings for User Entity Instance: MouseInterface:inst|MouseTransiver:inst77|CONSTX:inst60 ;
+----------------+-------+-----------------------------------------------------------------------------+
; Parameter Name ; Value ; Type                                                                        ;
+----------------+-------+-----------------------------------------------------------------------------+
; size           ; 13    ; Signed Integer                                                              ;
; const          ; 2800  ; Signed Integer                                                              ;
+----------------+-------+-----------------------------------------------------------------------------+
Note: In order to hide this table in the UI and the text report file, please set the "Show Parameter Settings in Synthesis Report" option in "Analysis and Synthesis Settings -> More Settings" to "Off".


+------------------------------------------------------------------------------------------------------+
; Parameter Settings for User Entity Instance: MouseInterface:inst|MouseTransiver:inst77|CONSTX:inst69 ;
+----------------+-------+-----------------------------------------------------------------------------+
; Parameter Name ; Value ; Type                                                                        ;
+----------------+-------+-----------------------------------------------------------------------------+
; size           ; 13    ; Signed Integer                                                              ;
; const          ; 5000  ; Signed Integer                                                              ;
+----------------+-------+-----------------------------------------------------------------------------+
Note: In order to hide this table in the UI and the text report file, please set the "Show Parameter Settings in Synthesis Report" option in "Analysis and Synthesis Settings -> More Settings" to "Off".


+----------------------------------------------------------------------------------------------------+
; Parameter Settings for User Entity Instance: MouseInterface:inst|MouseTransiver:inst77|REGX:inst34 ;
+----------------+-------+---------------------------------------------------------------------------+
; Parameter Name ; Value ; Type                                                                      ;
+----------------+-------+---------------------------------------------------------------------------+
; size           ; 1     ; Signed Integer                                                            ;
; default_value  ; 0     ; Signed Integer                                                            ;
+----------------+-------+---------------------------------------------------------------------------+
Note: In order to hide this table in the UI and the text report file, please set the "Show Parameter Settings in Synthesis Report" option in "Analysis and Synthesis Settings -> More Settings" to "Off".


+----------------------------------------------------------------------------------------------------+
; Parameter Settings for User Entity Instance: MouseInterface:inst|MouseTransiver:inst77|REGX:inst12 ;
+----------------+-------+---------------------------------------------------------------------------+
; Parameter Name ; Value ; Type                                                                      ;
+----------------+-------+---------------------------------------------------------------------------+
; size           ; 11    ; Signed Integer                                                            ;
; default_value  ; 1512  ; Signed Integer                                                            ;
+----------------+-------+---------------------------------------------------------------------------+
Note: In order to hide this table in the UI and the text report file, please set the "Show Parameter Settings in Synthesis Report" option in "Analysis and Synthesis Settings -> More Settings" to "Off".


+----------------------------------------------------------------------------------------------------+
; Parameter Settings for User Entity Instance: MouseInterface:inst|MouseTransiver:inst77|CMPX:inst81 ;
+----------------+-------+---------------------------------------------------------------------------+
; Parameter Name ; Value ; Type                                                                      ;
+----------------+-------+---------------------------------------------------------------------------+
; size           ; 4     ; Signed Integer                                                            ;
+----------------+-------+---------------------------------------------------------------------------+
Note: In order to hide this table in the UI and the text report file, please set the "Show Parameter Settings in Synthesis Report" option in "Analysis and Synthesis Settings -> More Settings" to "Off".


+------------------------------------------------------------------------------------------------------------+
; Parameter Settings for User Entity Instance: MouseInterface:inst|MouseTransiver:inst77|CONSTX:inst82123184 ;
+----------------+-------+-----------------------------------------------------------------------------------+
; Parameter Name ; Value ; Type                                                                              ;
+----------------+-------+-----------------------------------------------------------------------------------+
; size           ; 4     ; Signed Integer                                                                    ;
; const          ; 10    ; Signed Integer                                                                    ;
+----------------+-------+-----------------------------------------------------------------------------------+
Note: In order to hide this table in the UI and the text report file, please set the "Show Parameter Settings in Synthesis Report" option in "Analysis and Synthesis Settings -> More Settings" to "Off".


+----------------------------------------------------------------------------------------------------+
; Parameter Settings for User Entity Instance: MouseInterface:inst|MouseTransiver:inst77|REGX:inst31 ;
+----------------+-------+---------------------------------------------------------------------------+
; Parameter Name ; Value ; Type                                                                      ;
+----------------+-------+---------------------------------------------------------------------------+
; size           ; 8     ; Signed Integer                                                            ;
; default_value  ; 0     ; Signed Integer                                                            ;
+----------------+-------+---------------------------------------------------------------------------+
Note: In order to hide this table in the UI and the text report file, please set the "Show Parameter Settings in Synthesis Report" option in "Analysis and Synthesis Settings -> More Settings" to "Off".


+-----------------------------------------------------------------------------+
; Parameter Settings for User Entity Instance: MouseInterface:inst|REGX:inst9 ;
+----------------+-------+----------------------------------------------------+
; Parameter Name ; Value ; Type                                               ;
+----------------+-------+----------------------------------------------------+
; size           ; 1     ; Signed Integer                                     ;
; default_value  ; 1     ; Signed Integer                                     ;
+----------------+-------+----------------------------------------------------+
Note: In order to hide this table in the UI and the text report file, please set the "Show Parameter Settings in Synthesis Report" option in "Analysis and Synthesis Settings -> More Settings" to "Off".


+------------------------------------------------------------------------------+
; Parameter Settings for User Entity Instance: MouseInterface:inst|REGX:inst11 ;
+----------------+-------+-----------------------------------------------------+
; Parameter Name ; Value ; Type                                                ;
+----------------+-------+-----------------------------------------------------+
; size           ; 1     ; Signed Integer                                      ;
; default_value  ; 0     ; Signed Integer                                      ;
+----------------+-------+-----------------------------------------------------+
Note: In order to hide this table in the UI and the text report file, please set the "Show Parameter Settings in Synthesis Report" option in "Analysis and Synthesis Settings -> More Settings" to "Off".


+------------------------------------------------------------------------------+
; Parameter Settings for User Entity Instance: MouseInterface:inst|CMPX:inst18 ;
+----------------+-------+-----------------------------------------------------+
; Parameter Name ; Value ; Type                                                ;
+----------------+-------+-----------------------------------------------------+
; size           ; 8     ; Signed Integer                                      ;
+----------------+-------+-----------------------------------------------------+
Note: In order to hide this table in the UI and the text report file, please set the "Show Parameter Settings in Synthesis Report" option in "Analysis and Synthesis Settings -> More Settings" to "Off".


+--------------------------------------------------------------------------------------+
; Parameter Settings for User Entity Instance: MouseInterface:inst|REGX:mouse_data_reg ;
+----------------+-------+-------------------------------------------------------------+
; Parameter Name ; Value ; Type                                                        ;
+----------------+-------+-------------------------------------------------------------+
; size           ; 24    ; Signed Integer                                              ;
; default_value  ; 0     ; Signed Integer                                              ;
+----------------+-------+-------------------------------------------------------------+
Note: In order to hide this table in the UI and the text report file, please set the "Show Parameter Settings in Synthesis Report" option in "Analysis and Synthesis Settings -> More Settings" to "Off".


+--------------------------------------------------------------------------------------------+
; Parameter Settings for User Entity Instance: MouseInterface:inst|REGX:mouse_data_int_reg53 ;
+----------------+-------+-------------------------------------------------------------------+
; Parameter Name ; Value ; Type                                                              ;
+----------------+-------+-------------------------------------------------------------------+
; size           ; 8     ; Signed Integer                                                    ;
; default_value  ; 0     ; Signed Integer                                                    ;
+----------------+-------+-------------------------------------------------------------------+
Note: In order to hide this table in the UI and the text report file, please set the "Show Parameter Settings in Synthesis Report" option in "Analysis and Synthesis Settings -> More Settings" to "Off".


+------------------------------------------------------------------------------------------+
; Parameter Settings for User Entity Instance: MouseInterface:inst|REGX:mouse_data_int_reg ;
+----------------+-------+-----------------------------------------------------------------+
; Parameter Name ; Value ; Type                                                            ;
+----------------+-------+-----------------------------------------------------------------+
; size           ; 8     ; Signed Integer                                                  ;
; default_value  ; 0     ; Signed Integer                                                  ;
+----------------+-------+-----------------------------------------------------------------+
Note: In order to hide this table in the UI and the text report file, please set the "Show Parameter Settings in Synthesis Report" option in "Analysis and Synthesis Settings -> More Settings" to "Off".


+--------------------------------------------------------------------------------------------+
; Parameter Settings for User Entity Instance: MouseInterface:inst|REGX:mouse_data_int_reg52 ;
+----------------+-------+-------------------------------------------------------------------+
; Parameter Name ; Value ; Type                                                              ;
+----------------+-------+-------------------------------------------------------------------+
; size           ; 8     ; Signed Integer                                                    ;
; default_value  ; 0     ; Signed Integer                                                    ;
+----------------+-------+-------------------------------------------------------------------+
Note: In order to hide this table in the UI and the text report file, please set the "Show Parameter Settings in Synthesis Report" option in "Analysis and Synthesis Settings -> More Settings" to "Off".


+----------------------------------------------------------+
; Parameter Settings for User Entity Instance: CMPX:inst32 ;
+----------------+-------+---------------------------------+
; Parameter Name ; Value ; Type                            ;
+----------------+-------+---------------------------------+
; size           ; 8     ; Signed Integer                  ;
+----------------+-------+---------------------------------+
Note: In order to hide this table in the UI and the text report file, please set the "Show Parameter Settings in Synthesis Report" option in "Analysis and Synthesis Settings -> More Settings" to "Off".


+----------------------------------------------------------+
; Parameter Settings for User Entity Instance: REGX:inst22 ;
+----------------+-------+---------------------------------+
; Parameter Name ; Value ; Type                            ;
+----------------+-------+---------------------------------+
; size           ; 24    ; Signed Integer                  ;
; default_value  ; 0     ; Signed Integer                  ;
+----------------+-------+---------------------------------+
Note: In order to hide this table in the UI and the text report file, please set the "Show Parameter Settings in Synthesis Report" option in "Analysis and Synthesis Settings -> More Settings" to "Off".


+----------------------------------------------------------------+
; Parameter Settings for User Entity Instance: CLK_DIVIDER:inst4 ;
+-------------------+-------+------------------------------------+
; Parameter Name    ; Value ; Type                               ;
+-------------------+-------+------------------------------------+
; period_inmhz      ; 50    ; Signed Integer                     ;
; period_outmilisec ; 100   ; Signed Integer                     ;
+-------------------+-------+------------------------------------+
Note: In order to hide this table in the UI and the text report file, please set the "Show Parameter Settings in Synthesis Report" option in "Analysis and Synthesis Settings -> More Settings" to "Off".


+------------------------------------------------------------+
; Parameter Settings for User Entity Instance: CONSTX:inst30 ;
+----------------+-------+-----------------------------------+
; Parameter Name ; Value ; Type                              ;
+----------------+-------+-----------------------------------+
; size           ; 8     ; Signed Integer                    ;
; const          ; 0     ; Signed Integer                    ;
+----------------+-------+-----------------------------------+
Note: In order to hide this table in the UI and the text report file, please set the "Show Parameter Settings in Synthesis Report" option in "Analysis and Synthesis Settings -> More Settings" to "Off".


+----------------------------------------------------------+
; Parameter Settings for User Entity Instance: CMPX:inst26 ;
+----------------+-------+---------------------------------+
; Parameter Name ; Value ; Type                            ;
+----------------+-------+---------------------------------+
; size           ; 8     ; Signed Integer                  ;
+----------------+-------+---------------------------------+
Note: In order to hide this table in the UI and the text report file, please set the "Show Parameter Settings in Synthesis Report" option in "Analysis and Synthesis Settings -> More Settings" to "Off".


+------------------------------------------------------------+
; Parameter Settings for User Entity Instance: CONSTX:inst27 ;
+----------------+-------+-----------------------------------+
; Parameter Name ; Value ; Type                              ;
+----------------+-------+-----------------------------------+
; size           ; 8     ; Signed Integer                    ;
; const          ; 0     ; Signed Integer                    ;
+----------------+-------+-----------------------------------+
Note: In order to hide this table in the UI and the text report file, please set the "Show Parameter Settings in Synthesis Report" option in "Analysis and Synthesis Settings -> More Settings" to "Off".


+-------------------------------+
; Elapsed Time Per Partition    ;
+----------------+--------------+
; Partition Name ; Elapsed Time ;
+----------------+--------------+
; Top            ; 00:00:00     ;
+----------------+--------------+


+-------------------------------+
; Analysis & Synthesis Messages ;
+-------------------------------+
Info: *******************************************************************
Info: Running Quartus II 64-Bit Analysis & Synthesis
    Info: Version 13.1.0 Build 162 10/23/2013 SJ Web Edition
    Info: Processing started: Fri Jan 24 13:51:10 2020
Info: Command: quartus_map --read_settings_files=on --write_settings_files=off mouse -c mouse
Warning (20028): Parallel compilation is not licensed and has been disabled
Info (12021): Found 1 design units, including 1 entities, in source file mousetransiver.bdf
    Info (12023): Found entity 1: MouseTransiver
Info (12021): Found 1 design units, including 1 entities, in source file risingedge.bdf
    Info (12023): Found entity 1: RisingEdge
Info (12021): Found 1 design units, including 1 entities, in source file reg1_inc_cl.bdf
    Info (12023): Found entity 1: REG1_INC_CL
Info (12021): Found 1 design units, including 1 entities, in source file lab1demo.bdf
    Info (12023): Found entity 1: Lab1Demo
Info (12021): Found 1 design units, including 1 entities, in source file debouncer.bdf
    Info (12023): Found entity 1: Debouncer
Info (12021): Found 1 design units, including 1 entities, in source file alu10.bdf
    Info (12023): Found entity 1: alu10
Info (12021): Found 1 design units, including 1 entities, in source file mouse.bdf
    Info (12023): Found entity 1: mouse
Info (12021): Found 1 design units, including 1 entities, in source file reg8.bdf
    Info (12023): Found entity 1: reg8
Info (12021): Found 1 design units, including 1 entities, in source file mouseinterface.bdf
    Info (12023): Found entity 1: MouseInterface
Info (12021): Found 1 design units, including 1 entities, in source file fallingedge.bdf
    Info (12023): Found entity 1: FallingEdge
Info (12127): Elaborating entity "mouse" for the top level hierarchy
Warning (275008): Primitive "AND2" of instance "inst1" not used
Warning (275008): Primitive "AND2" of instance "inst17" not used
Warning (275008): Primitive "NOT" of instance "inst28" not used
Warning (275008): Primitive "NOT" of instance "inst31" not used
Info (12128): Elaborating entity "MouseInterface" for hierarchy "MouseInterface:inst"
Warning (275008): Primitive "NOT" of instance "inst30" not used
Warning (12125): Using design file regx.vhd, which is not specified as a design file for the current project, but contains definitions for 2 design units and 1 entities in project
    Info (12022): Found design unit 1: REGX-rtl
    Info (12023): Found entity 1: REGX
Info (12128): Elaborating entity "REGX" for hierarchy "MouseInterface:inst|REGX:inst17"
Warning (12125): Using design file cmpx.vhd, which is not specified as a design file for the current project, but contains definitions for 2 design units and 1 entities in project
    Info (12022): Found design unit 1: CMPX-rtl
    Info (12023): Found entity 1: CMPX
Info (12128): Elaborating entity "CMPX" for hierarchy "MouseInterface:inst|CMPX:inst66"
Info (12128): Elaborating entity "REGX" for hierarchy "MouseInterface:inst|REGX:packet_byte_reg"
Info (12128): Elaborating entity "RisingEdge" for hierarchy "MouseInterface:inst|RisingEdge:inst5"
Info (12128): Elaborating entity "MouseTransiver" for hierarchy "MouseInterface:inst|MouseTransiver:inst77"
Warning (275009): Pin "tx_cmd" not connected
Warning (275008): Primitive "NOT" of instance "inst71" not used
Warning (12125): Using design file dc8.bdf, which is not specified as a design file for the current project, but contains definitions for 1 design units and 1 entities in project
    Info (12023): Found entity 1: DC8
Info (12128): Elaborating entity "DC8" for hierarchy "MouseInterface:inst|MouseTransiver:inst77|DC8:inst9"
Info (12128): Elaborating entity "Debouncer" for hierarchy "MouseInterface:inst|MouseTransiver:inst77|Debouncer:inst3"
Info (12128): Elaborating entity "REG1_INC_CL" for hierarchy "MouseInterface:inst|MouseTransiver:inst77|Debouncer:inst3|REG1_INC_CL:inst2"
Info (12128): Elaborating entity "CMPX" for hierarchy "MouseInterface:inst|MouseTransiver:inst77|CMPX:inst85"
Info (12128): Elaborating entity "REGX" for hierarchy "MouseInterface:inst|MouseTransiver:inst77|REGX:bit_cnt"
Warning (12125): Using design file constx.vhd, which is not specified as a design file for the current project, but contains definitions for 2 design units and 1 entities in project
    Info (12022): Found design unit 1: CONSTX-rtl
    Info (12023): Found entity 1: CONSTX
Info (12128): Elaborating entity "CONSTX" for hierarchy "MouseInterface:inst|MouseTransiver:inst77|CONSTX:inst87"
Info (12128): Elaborating entity "CMPX" for hierarchy "MouseInterface:inst|MouseTransiver:inst77|CMPX:inst63"
Info (12128): Elaborating entity "REGX" for hierarchy "MouseInterface:inst|MouseTransiver:inst77|REGX:Timer_reg"
Info (12128): Elaborating entity "CONSTX" for hierarchy "MouseInterface:inst|MouseTransiver:inst77|CONSTX:inst60"
Info (12128): Elaborating entity "CONSTX" for hierarchy "MouseInterface:inst|MouseTransiver:inst77|CONSTX:inst69"
Info (12128): Elaborating entity "REGX" for hierarchy "MouseInterface:inst|MouseTransiver:inst77|REGX:inst12"
Info (12128): Elaborating entity "CONSTX" for hierarchy "MouseInterface:inst|MouseTransiver:inst77|CONSTX:inst82123184"
Info (12128): Elaborating entity "REGX" for hierarchy "MouseInterface:inst|MouseTransiver:inst77|REGX:inst31"
Info (12128): Elaborating entity "REGX" for hierarchy "MouseInterface:inst|REGX:inst9"
Info (12128): Elaborating entity "CMPX" for hierarchy "MouseInterface:inst|CMPX:inst18"
Info (12128): Elaborating entity "REGX" for hierarchy "MouseInterface:inst|REGX:mouse_data_reg"
Warning (12125): Using design file clk_divider.vhd, which is not specified as a design file for the current project, but contains definitions for 2 design units and 1 entities in project
    Info (12022): Found design unit 1: CLK_DIVIDER-rtl
    Info (12023): Found entity 1: CLK_DIVIDER
Info (12128): Elaborating entity "CLK_DIVIDER" for hierarchy "CLK_DIVIDER:inst4"
Info (12128): Elaborating entity "CONSTX" for hierarchy "CONSTX:inst30"
Warning (13024): Output pins are stuck at VCC or GND
    Warning (13410): Pin "led[9]" is stuck at GND
    Warning (13410): Pin "led[8]" is stuck at GND
    Warning (13410): Pin "led[7]" is stuck at GND
    Warning (13410): Pin "led[6]" is stuck at GND
    Warning (13410): Pin "led[5]" is stuck at GND
    Warning (13410): Pin "led[4]" is stuck at GND
    Warning (13410): Pin "led[3]" is stuck at GND
    Warning (13410): Pin "led[2]" is stuck at GND
Info (286030): Timing-Driven Synthesis is running
Info (17049): 44 registers lost all their fanouts during netlist optimizations.
Info (16010): Generating hard_block partition "hard_block:auto_generated_inst"
    Info (16011): Adding 0 node(s), including 0 DDIO, 0 PLL, 0 transceiver and 0 LCELL
Info (21057): Implemented 199 device resources after synthesis - the final resource count might be different
    Info (21058): Implemented 1 input pins
    Info (21059): Implemented 10 output pins
    Info (21060): Implemented 2 bidirectional pins
    Info (21061): Implemented 186 logic cells
Info: Quartus II 64-Bit Analysis & Synthesis was successful. 0 errors, 22 warnings
    Info: Peak virtual memory: 4666 megabytes
    Info: Processing ended: Fri Jan 24 13:51:13 2020
    Info: Elapsed time: 00:00:03
    Info: Total CPU time (on all processors): 00:00:02


