------------------------------------------------------------
TimeQuest Timing Analyzer Summary
------------------------------------------------------------

Type  : Slow 1200mV 85C Model Setup 'CLK'
Slack : -3.793
TNS   : -947.828

Type  : Slow 1200mV 85C Model Setup 'KeyboardInterface:inst5|Debouncer:inst40|inst1'
Slack : -0.641
TNS   : -0.803

Type  : Slow 1200mV 85C Model Setup 'Ball:inst33|inst13'
Slack : 0.318
TNS   : 0.000

Type  : Slow 1200mV 85C Model Hold 'CLK'
Slack : -0.118
TNS   : -0.981

Type  : Slow 1200mV 85C Model Hold 'KeyboardInterface:inst5|Debouncer:inst40|inst1'
Slack : 0.380
TNS   : 0.000

Type  : Slow 1200mV 85C Model Hold 'Ball:inst33|inst13'
Slack : 0.385
TNS   : 0.000

Type  : Slow 1200mV 85C Model Minimum Pulse Width 'CLK'
Slack : -3.000
TNS   : -390.000

Type  : Slow 1200mV 85C Model Minimum Pulse Width 'KeyboardInterface:inst5|Debouncer:inst40|inst1'
Slack : -1.000
TNS   : -19.000

Type  : Slow 1200mV 85C Model Minimum Pulse Width 'Ball:inst33|inst13'
Slack : -1.000
TNS   : -1.000

Type  : Slow 1200mV 0C Model Setup 'CLK'
Slack : -3.339
TNS   : -815.053

Type  : Slow 1200mV 0C Model Setup 'KeyboardInterface:inst5|Debouncer:inst40|inst1'
Slack : -0.494
TNS   : -0.494

Type  : Slow 1200mV 0C Model Setup 'Ball:inst33|inst13'
Slack : 0.398
TNS   : 0.000

Type  : Slow 1200mV 0C Model Hold 'CLK'
Slack : -0.124
TNS   : -1.240

Type  : Slow 1200mV 0C Model Hold 'Ball:inst33|inst13'
Slack : 0.341
TNS   : 0.000

Type  : Slow 1200mV 0C Model Hold 'KeyboardInterface:inst5|Debouncer:inst40|inst1'
Slack : 0.344
TNS   : 0.000

Type  : Slow 1200mV 0C Model Minimum Pulse Width 'CLK'
Slack : -3.000
TNS   : -390.000

Type  : Slow 1200mV 0C Model Minimum Pulse Width 'KeyboardInterface:inst5|Debouncer:inst40|inst1'
Slack : -1.000
TNS   : -19.000

Type  : Slow 1200mV 0C Model Minimum Pulse Width 'Ball:inst33|inst13'
Slack : -1.000
TNS   : -1.000

Type  : Fast 1200mV 0C Model Setup 'CLK'
Slack : -1.777
TNS   : -381.185

Type  : Fast 1200mV 0C Model Setup 'KeyboardInterface:inst5|Debouncer:inst40|inst1'
Slack : 0.091
TNS   : 0.000

Type  : Fast 1200mV 0C Model Setup 'Ball:inst33|inst13'
Slack : 0.626
TNS   : 0.000

Type  : Fast 1200mV 0C Model Hold 'CLK'
Slack : -0.175
TNS   : -4.635

Type  : Fast 1200mV 0C Model Hold 'KeyboardInterface:inst5|Debouncer:inst40|inst1'
Slack : 0.198
TNS   : 0.000

Type  : Fast 1200mV 0C Model Hold 'Ball:inst33|inst13'
Slack : 0.208
TNS   : 0.000

Type  : Fast 1200mV 0C Model Minimum Pulse Width 'CLK'
Slack : -3.000
TNS   : -412.525

Type  : Fast 1200mV 0C Model Minimum Pulse Width 'KeyboardInterface:inst5|Debouncer:inst40|inst1'
Slack : -1.000
TNS   : -19.000

Type  : Fast 1200mV 0C Model Minimum Pulse Width 'Ball:inst33|inst13'
Slack : -1.000
TNS   : -1.000

------------------------------------------------------------
